// Jest Snapshot v1, https://goo.gl/fbAQLP

exports[`<Pokemon /> component should render Bulbasaur type 1`] = `
ShallowWrapper {
  "length": 1,
  Symbol(enzyme.__root__): [Circular],
  Symbol(enzyme.__unrendered__): <Pokemon
    height={0.7}
    id={1}
    name="Bulbasaur"
    type="grass"
    weight={6.9}
  />,
  Symbol(enzyme.__renderer__): Object {
    "batchedUpdates": [Function],
    "getNode": [Function],
    "render": [Function],
    "simulateEvent": [Function],
    "unmount": [Function],
  },
  Symbol(enzyme.__node__): Object {
    "instance": null,
    "key": undefined,
    "nodeType": "host",
    "props": Object {
      "children": Array [
        "Dex entry: ",
        1,
        " ",
        <br />,
        "Name: ",
        "Bulbasaur",
        " ",
        <br />,
        "Type: ",
        "grass",
        " ",
        <br />,
        "Height: ",
        0.7,
        " ",
        <br />,
        "Weight: ",
        6.9,
        " ",
        <br />,
      ],
      "className": "pokemon",
    },
    "ref": null,
    "rendered": Array [
      "Dex entry: ",
      1,
      " ",
      Object {
        "instance": null,
        "key": undefined,
        "nodeType": "host",
        "props": Object {},
        "ref": null,
        "rendered": null,
        "type": "br",
      },
      "Name: ",
      "Bulbasaur",
      " ",
      Object {
        "instance": null,
        "key": undefined,
        "nodeType": "host",
        "props": Object {},
        "ref": null,
        "rendered": null,
        "type": "br",
      },
      "Type: ",
      "grass",
      " ",
      Object {
        "instance": null,
        "key": undefined,
        "nodeType": "host",
        "props": Object {},
        "ref": null,
        "rendered": null,
        "type": "br",
      },
      "Height: ",
      0.7,
      " ",
      Object {
        "instance": null,
        "key": undefined,
        "nodeType": "host",
        "props": Object {},
        "ref": null,
        "rendered": null,
        "type": "br",
      },
      "Weight: ",
      6.9,
      " ",
      Object {
        "instance": null,
        "key": undefined,
        "nodeType": "host",
        "props": Object {},
        "ref": null,
        "rendered": null,
        "type": "br",
      },
    ],
    "type": "div",
  },
  Symbol(enzyme.__nodes__): Array [
    Object {
      "instance": null,
      "key": undefined,
      "nodeType": "host",
      "props": Object {
        "children": Array [
          "Dex entry: ",
          1,
          " ",
          <br />,
          "Name: ",
          "Bulbasaur",
          " ",
          <br />,
          "Type: ",
          "grass",
          " ",
          <br />,
          "Height: ",
          0.7,
          " ",
          <br />,
          "Weight: ",
          6.9,
          " ",
          <br />,
        ],
        "className": "pokemon",
      },
      "ref": null,
      "rendered": Array [
        "Dex entry: ",
        1,
        " ",
        Object {
          "instance": null,
          "key": undefined,
          "nodeType": "host",
          "props": Object {},
          "ref": null,
          "rendered": null,
          "type": "br",
        },
        "Name: ",
        "Bulbasaur",
        " ",
        Object {
          "instance": null,
          "key": undefined,
          "nodeType": "host",
          "props": Object {},
          "ref": null,
          "rendered": null,
          "type": "br",
        },
        "Type: ",
        "grass",
        " ",
        Object {
          "instance": null,
          "key": undefined,
          "nodeType": "host",
          "props": Object {},
          "ref": null,
          "rendered": null,
          "type": "br",
        },
        "Height: ",
        0.7,
        " ",
        Object {
          "instance": null,
          "key": undefined,
          "nodeType": "host",
          "props": Object {},
          "ref": null,
          "rendered": null,
          "type": "br",
        },
        "Weight: ",
        6.9,
        " ",
        Object {
          "instance": null,
          "key": undefined,
          "nodeType": "host",
          "props": Object {},
          "ref": null,
          "rendered": null,
          "type": "br",
        },
      ],
      "type": "div",
    },
  ],
  Symbol(enzyme.__options__): Object {
    "adapter": ReactSixteenAdapter {
      "options": Object {
        "enableComponentDidUpdateOnSetState": true,
      },
    },
  },
}
`;
